للللz
line 2 edited
line 3 edited
line 4 edited
line 5 edited